
> amakuru@0.1.0 prebuild
> node -e "const fs=require('fs');fs.copyFileSync('node_modules/pdfjs-dist/build/pdf.worker.min.mjs','public/pdf.worker.min.mjs')"


> amakuru@0.1.0 build
> npx prisma generate && next build

npm : Loaded Prisma config from prisma.config.ts.
At line:1 char:50
+ ... r\Desktop\Git Uploads"; npm run build 2>&1 > build_output.txt; $LASTE ...
+                             ~~~~~~~~~~~~~~~~~~~~~~~~~~~~~~~~~~~~~
    + CategoryInfo          : NotSpecified: (Loaded Prisma c...isma.config.ts. 
   :String) [], RemoteException
    + FullyQualifiedErrorId : NativeCommandError
 

Prisma schema loaded from prisma\schema.prisma.

Γ£ö Generated Prisma Client (v7.5.0) to .\node_modules\@prisma\client in 497ms

Start by importing your Prisma Client (See: https://pris.ly/d/importing-client)


   Γû▓ Next.js 15.5.14
   - Environments: .env.local, .env
   - Experiments (use with caution):
     ┬╖ serverActions
     ┬╖ optimizePackageImports

   Creating an optimized production build ...
<w> [webpack.cache.PackFileCacheStrategy] Caching failed for pack: Error: 
ENOENT: no such file or directory, rename 'C:\Users\Administrator\Desktop\Git 
Uploads\.next\cache\webpack\server-production\3.pack_' -> 
'C:\Users\Administrator\Desktop\Git 
Uploads\.next\cache\webpack\server-production\3.pack'
 Γ£ô Compiled successfully in 89s
   Linting and checking validity of types ...
(node:34732) [MODULE_TYPELESS_PACKAGE_JSON] Warning: Module type of file:///C:/
Users/Administrator/Desktop/Git%20Uploads/eslint.config.js?mtime=1776597214730 
is not specified and it doesn't parse as CommonJS.
Reparsing as ES module because module syntax was detected. This incurs a 
performance overhead.
To eliminate this warning, add "type": "module" to 
C:\Users\Administrator\Desktop\Git Uploads\package.json.
(Use `node --trace-warnings ...` to show where the warning was created)

 ΓÜá The Next.js plugin was not detected in your ESLint configuration. See http
s://nextjs.org/docs/app/api-reference/config/eslint#migrating-existing-config

./app/admin/adverts/page.tsx
5:25  Warning: 'Plus' is defined but never used.  @typescript-eslint/no-unused-vars
59:6  Warning: React Hook useEffect has a missing dependency: 'fetchAdverts'. Either include it or remove the dependency array.  react-hooks/exhaustive-deps
110:14  Warning: 'error' is defined but never used.  @typescript-eslint/no-unused-vars
178:14  Warning: 'error' is defined but never used.  @typescript-eslint/no-unused-vars
208:14  Warning: 'error' is defined but never used.  @typescript-eslint/no-unused-vars
232:14  Warning: 'error' is defined but never used.  @typescript-eslint/no-unused-vars
383:21  Warning: Using `<img>` could result in slower LCP and higher bandwidth. Consider using `<Image />` from `next/image` or a custom image loader to automatically optimize images. This may incur additional usage or cost from your provider. See: https://nextjs.org/docs/messages/no-img-element  @next/next/no-img-element

./app/admin/ai-generator/page.tsx
232:81  Warning: Unexpected any. Specify a different type.  @typescript-eslint/no-explicit-any
248:85  Warning: Unexpected any. Specify a different type.  @typescript-eslint/no-explicit-any

./app/admin/articles/page.tsx
24:10  Warning: 'isLoading' is assigned a value but never used.  @typescript-eslint/no-unused-vars
27:10  Warning: 'filter' is assigned a value but never used.  @typescript-eslint/no-unused-vars
27:18  Warning: 'setFilter' is assigned a value but never used.  @typescript-eslint/no-unused-vars

./app/admin/components/ArticleTranslationPanel.tsx
127:24  Warning: Unexpected any. Specify a different type.  @typescript-eslint/no-explicit-any
136:18  Warning: 'parseErr' is defined but never used.  @typescript-eslint/no-unused-vars
176:19  Warning: Unexpected any. Specify a different type.  @typescript-eslint/no-explicit-any
247:19  Warning: Unexpected any. Specify a different type.  @typescript-eslint/no-explicit-any
275:22  Warning: Unexpected any. Specify a different type.  @typescript-eslint/no-explicit-any
296:28  Warning: Unexpected any. Specify a different type.  @typescript-eslint/no-explicit-any
306:22  Warning: 'parseErr' is defined but never used.  @typescript-eslint/no-unused-vars

./app/admin/components/DashboardStats.tsx
64:56  Warning: Unexpected any. Specify a different type.  @typescript-eslint/no-explicit-any

./app/admin/components/DatabaseStatus.tsx
35:16  Warning: 'error' is defined but never used.  @typescript-eslint/no-unused-vars

./app/admin/components/MediaUploader.tsx
49:16  Warning: 'err' is defined but never used.  @typescript-eslint/no-unused-vars

./app/admin/create-article/page.tsx
40:10  Warning: 'isAdminAuth' is assigned a value but never used.  @typescript-eslint/no-unused-vars
225:14  Warning: 'error' is defined but never used.  @typescript-eslint/no-unused-vars
921:30  Warning: 'error' is defined but never used.  @typescript-eslint/no-unused-vars

./app/admin/dashboard/page.tsx
42:10  Warning: 'cacheExecutionSummary' is assigned a value but never used.  @typescript-eslint/no-unused-vars

./app/admin/edit-article/[id]/page.tsx
270:6  Warning: React Hook useEffect has a missing dependency: 'syncAuthorSocialProfile'. Either include it or remove the dependency array.  react-hooks/exhaustive-deps
307:14  Warning: 'error' is defined but never used.  @typescript-eslint/no-unused-vars
937:30  Warning: 'error' is defined but never used.  @typescript-eslint/no-unused-vars

./app/admin/epaper/edit/[id]/page.tsx
236:15  Warning: Using `<img>` could result in slower LCP and higher bandwidth. Consider using `<Image />` from `next/image` or a custom image loader to automatically optimize images. This may incur additional usage or cost from your provider. See: https://nextjs.org/docs/messages/no-img-element  @next/next/no-img-element

./app/admin/login/page.tsx
5:41  Warning: 'UserPlus' is defined but never used.  @typescript-eslint/no-unused-vars
19:10  Warning: 'isLoggedIn' is assigned a value but never used.  @typescript-eslint/no-unused-vars

./app/admin/social-media-verification/page.tsx
3:27  Warning: 'useEffect' is defined but never used.  @typescript-eslint/no-unused-vars
10:29  Warning: Unexpected any. Specify a different type.  @typescript-eslint/no-explicit-any
11:37  Warning: Unexpected any. Specify a different type.  @typescript-eslint/no-explicit-any
12:40  Warning: Unexpected any. Specify a different type.  @typescript-eslint/no-explicit-any
13:39  Warning: Unexpected any. Specify a different type.  @typescript-eslint/no-explicit-any

./app/admin/users/page.tsx
60:6  Warning: React Hook useEffect has a missing dependency: 'fetchUsers'. Either include it or remove the dependency array.  react-hooks/exhaustive-deps

./app/analytics/page.tsx
4:101  Warning: 'Legend' is defined but never used.  @typescript-eslint/no-unused-vars
20:24  Warning: Unexpected any. Specify a different type.  @typescript-eslint/no-explicit-any

./app/api/admin/adverts/route.ts
40:35  Warning: Unexpected any. Specify a different type.  @typescript-eslint/no-explicit-any

./app/api/admin/categories/route.ts
131:19  Warning: Unexpected any. Specify a different type.  @typescript-eslint/no-explicit-any

./app/api/admin/exchange-rates/route.ts
10:36  Warning: Unexpected any. Specify a different type.  @typescript-eslint/no-explicit-any
28:27  Warning: Unexpected any. Specify a different type.  @typescript-eslint/no-explicit-any
88:45  Warning: Unexpected any. Specify a different type.  @typescript-eslint/no-explicit-any
98:40  Warning: Unexpected any. Specify a different type.  @typescript-eslint/no-explicit-any

./app/api/admin/seed/route.ts
4:28  Warning: 'request' is defined but never used. Allowed unused args must match /^_/u.  @typescript-eslint/no-unused-vars

./app/api/admin/social-media-debug/route.ts
14:9  Warning: 'lang' is assigned a value but never used.  @typescript-eslint/no-unused-vars
55:38  Warning: Unexpected any. Specify a different type.  @typescript-eslint/no-explicit-any
94:19  Warning: Unexpected any. Specify a different type.  @typescript-eslint/no-explicit-any

./app/api/adverts/route.ts
15:35  Warning: Unexpected any. Specify a different type.  @typescript-eslint/no-explicit-any
30:26  Warning: Unexpected any. Specify a different type.  @typescript-eslint/no-explicit-any

./app/api/ai-generator/route.ts
39:18  Warning: Unexpected any. Specify a different type.  @typescript-eslint/no-explicit-any
43:19  Warning: Unexpected any. Specify a different type.  @typescript-eslint/no-explicit-any
52:20  Warning: Unexpected any. Specify a different type.  @typescript-eslint/no-explicit-any
159:17  Warning: Unexpected any. Specify a different type.  @typescript-eslint/no-explicit-any

./app/api/analytics/send/route.ts
23:12  Warning: 'error' is defined but never used.  @typescript-eslint/no-unused-vars
107:31  Warning: 'request' is defined but never used. Allowed unused args must match /^_/u.  @typescript-eslint/no-unused-vars

./app/api/articles/route.ts
257:18  Warning: Unexpected any. Specify a different type.  @typescript-eslint/no-explicit-any
403:56  Warning: Unexpected any. Specify a different type.  @typescript-eslint/no-explicit-any
409:52  Warning: Unexpected any. Specify a different type.  @typescript-eslint/no-explicit-any
526:19  Warning: Unexpected any. Specify a different type.  @typescript-eslint/no-explicit-any
742:19  Warning: Unexpected any. Specify a different type.  @typescript-eslint/no-explicit-any

./app/api/articles/[id]/route.ts
37:11  Warning: 'Article' is defined but never used.  @typescript-eslint/no-unused-vars
50:18  Warning: Unexpected any. Specify a different type.  @typescript-eslint/no-explicit-any
256:19  Warning: Unexpected any. Specify a different type.  @typescript-eslint/no-explicit-any

./app/api/epaper/route.ts
40:18  Warning: Unexpected any. Specify a different type.  @typescript-eslint/no-explicit-any

./app/api/epaper/[id]/route.ts
318:18  Warning: 'err' is defined but never used.  @typescript-eslint/no-unused-vars

./app/api/login/route.ts
137:14  Warning: 'error' is defined but never used.  @typescript-eslint/no-unused-vars

./app/api/premium/payment/route.ts
27:7  Warning: 'RECEIVER_PHONE' is assigned a value but never used.  @typescript-eslint/no-unused-vars
152:3  Warning: 'phoneNumber' is defined but never used. Allowed unused args must match /^_/u.  @typescript-eslint/no-unused-vars
153:3  Warning: 'amount' is defined but never used. Allowed unused args must match /^_/u.  @typescript-eslint/no-unused-vars

./app/api/stripe/checkout-session/route.ts
56:19  Warning: Unexpected any. Specify a different type.  @typescript-eslint/no-explicit-any

./app/api/translations/health/route.ts
9:18  Warning: Unexpected any. Specify a different type.  @typescript-eslint/no-explicit-any

./app/api/user/preferences/route.ts
42:12  Warning: 'error' is defined but never used.  @typescript-eslint/no-unused-vars
84:12  Warning: 'error' is defined but never used.  @typescript-eslint/no-unused-vars

./app/api/verify-email/route.ts
141:12  Warning: 'error' is defined but never used.  @typescript-eslint/no-unused-vars

./app/article/[slug]/ArticlePageClient.tsx
9:18  Warning: 'FactCheckBox' is defined but never used.  @typescript-eslint/no-unused-vars
212:42  Warning: Unexpected any. Specify a different type.  @typescript-eslint/no-explicit-any
273:49  Warning: Unexpected any. Specify a different type.  @typescript-eslint/no-explicit-any
274:52  Warning: Unexpected any. Specify a different type.  @typescript-eslint/no-explicit-any
275:46  Warning: Unexpected any. Specify a different type.  @typescript-eslint/no-explicit-any
335:6  Warning: React Hook useEffect has a missing dependency: 'article'. Either include it or remove the dependency array.  react-hooks/exhaustive-deps
478:6  Warning: React Hook useEffect has a missing dependency: 'fetchComments'. Either include it or remove the dependency array.  react-hooks/exhaustive-deps
917:58  Warning: Unexpected any. Specify a different type.  @typescript-eslint/no-explicit-any
920:21  Warning: Using `<img>` could result in slower LCP and higher bandwidth. Consider using `<Image />` from `next/image` or a custom image loader to automatically optimize images. This may incur additional usage or cost from your provider. See: https://nextjs.org/docs/messages/no-img-element  @next/next/no-img-element
954:61  Warning: Unexpected any. Specify a different type.  @typescript-eslint/no-explicit-any
957:21  Warning: Using `<img>` could result in slower LCP and higher bandwidth. Consider using `<Image />` from `next/image` or a custom image loader to automatically optimize images. This may incur additional usage or cost from your provider. See: https://nextjs.org/docs/messages/no-img-element  @next/next/no-img-element
1382:59  Warning: Unexpected any. Specify a different type.  @typescript-eslint/no-explicit-any
1385:25  Warning: Using `<img>` could result in slower LCP and higher bandwidth. Consider using `<Image />` from `next/image` or a custom image loader to automatically optimize images. This may incur additional usage or cost from your provider. See: https://nextjs.org/docs/messages/no-img-element  @next/next/no-img-element

./app/article/[slug]/page.tsx
4:29  Warning: 'validateImageUrl' is defined but never used.  @typescript-eslint/no-unused-vars

./app/breaking/page.tsx
6:18  Warning: 'NewsCard' is defined but never used.  @typescript-eslint/no-unused-vars
10:11  Warning: 'language' is assigned a value but never used.  @typescript-eslint/no-unused-vars
114:23  Warning: Using `<img>` could result in slower LCP and higher bandwidth. Consider using `<Image />` from `next/image` or a custom image loader to automatically optimize images. This may incur additional usage or cost from your provider. See: https://nextjs.org/docs/messages/no-img-element  @next/next/no-img-element

./app/category/[category]/page.tsx
13:9  Warning: 'searchParams' is assigned a value but never used.  @typescript-eslint/no-unused-vars
14:44  Warning: Unexpected any. Specify a different type.  @typescript-eslint/no-explicit-any
15:50  Warning: Unexpected any. Specify a different type.  @typescript-eslint/no-explicit-any

./app/components/ArticleContent.tsx
21:12  Warning: 'e' is defined but never used.  @typescript-eslint/no-unused-vars
35:7  Warning: Using `<img>` could result in slower LCP and higher bandwidth. Consider using `<Image />` from `next/image` or a custom image loader to automatically optimize images. This may incur additional usage or cost from your provider. See: https://nextjs.org/docs/messages/no-img-element  @next/next/no-img-element

./app/components/BreakingNewsCarousel.tsx
19:10  Warning: 'canScrollLeft' is assigned a value but never used.  @typescript-eslint/no-unused-vars

./app/components/EpaperManager.tsx
231:14  Warning: 'err' is defined but never used.  @typescript-eslint/no-unused-vars
251:14  Warning: 'err' is defined but never used.  @typescript-eslint/no-unused-vars
313:14  Warning: 'err' is defined but never used.  @typescript-eslint/no-unused-vars

./app/components/FlipbookReader.tsx
43:32  Warning: Unexpected any. Specify a different type.  @typescript-eslint/no-explicit-any
98:19  Warning: Unexpected any. Specify a different type.  @typescript-eslint/no-explicit-any
279:6  Warning: React Hook useCallback has missing dependencies: 'playFlipSound' and 'stopAutoPlay'. Either include them or remove the dependency array.  react-hooks/exhaustive-deps
648:23  Warning: Using `<img>` could result in slower LCP and higher bandwidth. Consider using `<Image />` from `next/image` or a custom image loader to automatically optimize images. This may incur additional usage or cost from your provider. See: https://nextjs.org/docs/messages/no-img-element  @next/next/no-img-element
696:21  Warning: Using `<img>` could result in slower LCP and higher bandwidth. Consider using `<Image />` from `next/image` or a custom image loader to automatically optimize images. This may incur additional usage or cost from your provider. See: https://nextjs.org/docs/messages/no-img-element  @next/next/no-img-element
724:19  Warning: Using `<img>` could result in slower LCP and higher bandwidth. Consider using `<Image />` from `next/image` or a custom image loader to automatically optimize images. This may incur additional usage or cost from your provider. See: https://nextjs.org/docs/messages/no-img-element  @next/next/no-img-element
757:21  Warning: Using `<img>` could result in slower LCP and higher bandwidth. Consider using `<Image />` from `next/image` or a custom image loader to automatically optimize images. This may incur additional usage or cost from your provider. See: https://nextjs.org/docs/messages/no-img-element  @next/next/no-img-element
782:21  Warning: Using `<img>` could result in slower LCP and higher bandwidth. Consider using `<Image />` from `next/image` or a custom image loader to automatically optimize images. This may incur additional usage or cost from your provider. See: https://nextjs.org/docs/messages/no-img-element  @next/next/no-img-element

./app/components/Footer.tsx
20:10  Warning: 'loading' is assigned a value but never used.  @typescript-eslint/no-unused-vars
62:31  Warning: Unexpected any. Specify a different type.  @typescript-eslint/no-explicit-any
148:59  Warning: Unexpected any. Specify a different type.  @typescript-eslint/no-explicit-any

./app/components/GridNewsLayout.tsx
8:28  Warning: 'Clock' is defined but never used.  @typescript-eslint/no-unused-vars
210:54  Warning: 'index' is defined but never used. Allowed unused args must match /^_/u.  @typescript-eslint/no-unused-vars

./app/components/Header.tsx
140:35  Warning: Unexpected any. Specify a different type.  @typescript-eslint/no-explicit-any
171:43  Warning: Unexpected any. Specify a different type.  @typescript-eslint/no-explicit-any
295:35  Warning: Unexpected any. Specify a different type.  @typescript-eslint/no-explicit-any

./app/components/HomepageAdverts.tsx
37:19  Warning: Using `<img>` could result in slower LCP and higher bandwidth. Consider using `<Image />` from `next/image` or a custom image loader to automatically optimize images. This may incur additional usage or cost from your provider. See: https://nextjs.org/docs/messages/no-img-element  @next/next/no-img-element
76:21  Warning: Using `<img>` could result in slower LCP and higher bandwidth. Consider using `<Image />` from `next/image` or a custom image loader to automatically optimize images. This may incur additional usage or cost from your provider. See: https://nextjs.org/docs/messages/no-img-element  @next/next/no-img-element
103:21  Warning: Using `<img>` could result in slower LCP and higher bandwidth. Consider using `<Image />` from `next/image` or a custom image loader to automatically optimize images. This may incur additional usage or cost from your provider. See: https://nextjs.org/docs/messages/no-img-element  @next/next/no-img-element
127:21  Warning: Using `<img>` could result in slower LCP and higher bandwidth. Consider using `<Image />` from `next/image` or a custom image loader to automatically optimize images. This may incur additional usage or cost from your provider. See: https://nextjs.org/docs/messages/no-img-element  @next/next/no-img-element

./app/components/HomePageFeed.tsx
403:23  Warning: Using `<img>` could result in slower LCP and higher bandwidth. Consider using `<Image />` from `next/image` or a custom image loader to automatically optimize images. This may incur additional usage or cost from your provider. See: https://nextjs.org/docs/messages/no-img-element  @next/next/no-img-element

./app/components/MaintenanceScreen.tsx
7:37  Warning: 'message' is defined but never used. Allowed unused args must match /^_/u.  @typescript-eslint/no-unused-vars

./app/components/NewsCard.tsx
5:8  Warning: 'Link' is defined but never used.  @typescript-eslint/no-unused-vars
9:10  Warning: 'Heart' is defined but never used.  @typescript-eslint/no-unused-vars
9:35  Warning: 'FileText' is defined but never used.  @typescript-eslint/no-unused-vars
35:3  Warning: 'readTime' is defined but never used. Allowed unused args must match /^_/u.  @typescript-eslint/no-unused-vars

./app/components/SearchModal.tsx
99:34  Warning: Unexpected any. Specify a different type.  @typescript-eslint/no-explicit-any

./app/components/StripePaymentButton.tsx
23:9  Warning: 'router' is assigned a value but never used.  @typescript-eslint/no-unused-vars
146:19  Warning: Unexpected any. Specify a different type.  @typescript-eslint/no-explicit-any

./app/components/TopBar.tsx
6:10  Warning: 'getTranslation' is defined but never used.  @typescript-eslint/no-unused-vars
286:14  Warning: 'error' is defined but never used.  @typescript-eslint/no-unused-vars
334:14  Warning: 'error' is defined but never used.  @typescript-eslint/no-unused-vars
364:6  Warning: React Hook useEffect has a missing dependency: 'detectLocation'. Either include it or remove the dependency array.  react-hooks/exhaustive-deps
456:6  Warning: React Hook useEffect has a missing dependency: 'userLocation.timezone'. Either include it or remove the dependency array.  react-hooks/exhaustive-deps

./app/epaper/page.tsx
18:9  Warning: 't' is assigned a value but never used.  @typescript-eslint/no-unused-vars

./app/home/page.tsx
14:44  Warning: Unexpected any. Specify a different type.  @typescript-eslint/no-explicit-any
27:56  Warning: Unexpected any. Specify a different type.  @typescript-eslint/no-explicit-any

./app/investigations/page.tsx
6:18  Warning: 'NewsCard' is defined but never used.  @typescript-eslint/no-unused-vars
10:11  Warning: 'language' is assigned a value but never used.  @typescript-eslint/no-unused-vars
114:23  Warning: Using `<img>` could result in slower LCP and higher bandwidth. Consider using `<Image />` from `next/image` or a custom image loader to automatically optimize images. This may incur additional usage or cost from your provider. See: https://nextjs.org/docs/messages/no-img-element  @next/next/no-img-element

./app/premium/page.tsx
12:10  Warning: 'mounted' is assigned a value but never used.  @typescript-eslint/no-unused-vars
20:9  Warning: 't' is assigned a value but never used.  @typescript-eslint/no-unused-vars
27:10  Warning: 'transactionId' is assigned a value but never used.  @typescript-eslint/no-unused-vars

./app/search/page.tsx
49:16  Warning: 'err' is defined but never used.  @typescript-eslint/no-unused-vars

./app/sitemap.xml/route.ts
76:33  Warning: Unexpected any. Specify a different type.  @typescript-eslint/no-explicit-any

./lib/analytics-tracker.ts
65:68  Warning: Unexpected any. Specify a different type.  @typescript-eslint/no-explicit-any
144:37  Warning: Unexpected any. Specify a different type.  @typescript-eslint/no-explicit-any

./lib/article-images.ts
47:10  Warning: 'isExternalUrl' is defined but never used.  @typescript-eslint/no-unused-vars

./lib/audit-log.ts
43:30  Warning: Unexpected any. Specify a different type.  @typescript-eslint/no-explicit-any
77:18  Warning: Unexpected any. Specify a different type.  @typescript-eslint/no-explicit-any

./lib/auth.ts
41:12  Warning: 'error' is defined but never used.  @typescript-eslint/no-unused-vars

./lib/epaper-pdf-generator.ts
442:3  Warning: 'issueDate' is defined but never used. Allowed unused args must match /^_/u.  @typescript-eslint/no-unused-vars

./lib/epaper.ts
34:19  Warning: Unexpected any. Specify a different type.  @typescript-eslint/no-explicit-any
57:19  Warning: Unexpected any. Specify a different type.  @typescript-eslint/no-explicit-any
80:19  Warning: Unexpected any. Specify a different type.  @typescript-eslint/no-explicit-any

./lib/homepage-data.ts
80:28  Warning: Unexpected any. Specify a different type.  @typescript-eslint/no-explicit-any
85:30  Warning: Unexpected any. Specify a different type.  @typescript-eslint/no-explicit-any

./lib/i18n.ts
27:16  Warning: Unexpected any. Specify a different type.  @typescript-eslint/no-explicit-any

./lib/libretranslate-server.ts
12:7  Warning: 'LANGUAGE_FALLBACK' is assigned a value but never used.  @typescript-eslint/no-unused-vars
123:18  Warning: Unexpected any. Specify a different type.  @typescript-eslint/no-explicit-any

./lib/libretranslate.ts
30:18  Warning: Unexpected any. Specify a different type.  @typescript-eslint/no-explicit-any

./lib/mymemory-translate.ts
80:20  Warning: Unexpected any. Specify a different type.  @typescript-eslint/no-explicit-any

./lib/prisma.ts
142:42  Warning: Unexpected any. Specify a different type.  @typescript-eslint/no-explicit-any
143:75  Warning: Unexpected any. Specify a different type.  @typescript-eslint/no-explicit-any

./lib/puter-server-translate.ts
99:18  Warning: Unexpected any. Specify a different type.  @typescript-eslint/no-explicit-any

./lib/puter-translate.ts
83:28  Warning: Unexpected any. Specify a different type.  @typescript-eslint/no-explicit-any
109:18  Warning: Unexpected any. Specify a different type.  @typescript-eslint/no-explicit-any
129:31  Warning: Unexpected any. Specify a different type.  @typescript-eslint/no-explicit-any
167:72  Warning: Unexpected any. Specify a different type.  @typescript-eslint/no-explicit-any

./lib/social-media-metadata.ts
128:17  Warning: Unexpected any. Specify a different type.  @typescript-eslint/no-explicit-any
229:28  Warning: Unexpected any. Specify a different type.  @typescript-eslint/no-explicit-any

./lib/translation-cache.ts
14:46  Warning: Unexpected any. Specify a different type.  @typescript-eslint/no-explicit-any
32:44  Warning: Unexpected any. Specify a different type.  @typescript-eslint/no-explicit-any

./lib/translation-service.ts
130:52  Warning: Unexpected any. Specify a different type.  @typescript-eslint/no-explicit-any
169:30  Warning: Unexpected any. Specify a different type.  @typescript-eslint/no-explicit-any

./lib/use-article-translation.ts
152:22  Warning: Unexpected any. Specify a different type.  @typescript-eslint/no-explicit-any
225:23  Warning: Unexpected any. Specify a different type.  @typescript-eslint/no-explicit-any

info  - Need to disable some ESLint rules? Learn more here: https://nextjs.org/docs/app/api-reference/config/eslint#disabling-rules
   Collecting page data ...

> Build error occurred
[Error: ENOENT: no such file or directory, open 
'C:\Users\Administrator\Desktop\Git Uploads\.next\server\pages-manifest.json'] 
{
  errno: -4058,
  code: 'ENOENT',
  syscall: 'open',
  path: 'C:\\Users\\Administrator\\Desktop\\Git 
Uploads\\.next\\server\\pages-manifest.json'
}
