
> amakuru@0.1.0 prebuild
> node -e "const fs=require('fs');fs.copyFileSync('node_modules/pdfjs-dist/build/pdf.worker.min.mjs','public/pdf.worker.min.mjs')"


> amakuru@0.1.0 build
> npx prisma generate && next build

npm : Loaded Prisma config from prisma.config.ts.
At line:1 char:1
+ npm run build 2>&1 | tee build-output.txt
+ ~~~~~~~~~~~~~~~~~~
    + CategoryInfo          : NotSpecified: (Loaded Prisma c...isma.config.ts. 
   :String) [], RemoteException
    + FullyQualifiedErrorId : NativeCommandError
 

Prisma schema loaded from prisma\schema.prisma.
ΓöîΓöÇΓöÇΓöÇΓöÇΓöÇΓöÇΓöÇΓöÇΓöÇΓöÇΓöÇΓöÇΓöÇΓöÇΓöÇΓöÇΓöÇΓöÇΓöÇΓöÇΓöÇΓöÇΓöÇΓöÇΓöÇΓ
öÇΓöÇΓöÇΓöÇΓöÇΓöÇΓöÇΓöÇΓöÇΓöÇΓöÇΓöÇΓöÇΓöÇΓöÇΓöÇΓöÇΓöÇΓöÇΓöÇΓöÇΓöÇΓöÇΓöÇΓöÇΓöÇΓö
ÇΓöÇΓöÇΓöÇΓöÇΓöÇΓöÉ
Γöé  Update available 7.5.0 -> 7.7.0                        Γöé
Γöé  Run the following to update                            Γöé
Γöé    npm i --save-dev prisma@latest                       Γöé
Γöé    npm i @prisma/client@latest                          Γöé
ΓööΓöÇΓöÇΓöÇΓöÇΓöÇΓöÇΓöÇΓöÇΓöÇΓöÇΓöÇΓöÇΓöÇΓöÇΓöÇΓöÇΓöÇΓöÇΓöÇΓöÇΓöÇΓöÇΓöÇΓöÇΓöÇΓ
öÇΓöÇΓöÇΓöÇΓöÇΓöÇΓöÇΓöÇΓöÇΓöÇΓöÇΓöÇΓöÇΓöÇΓöÇΓöÇΓöÇΓöÇΓöÇΓöÇΓöÇΓöÇΓöÇΓöÇΓöÇΓöÇΓö
ÇΓöÇΓöÇΓöÇΓöÇΓöÇΓöÿ

Γ£ö Generated Prisma Client (v7.5.0) to .\node_modules\@prisma\client in 300ms

Start by importing your Prisma Client (See: https://pris.ly/d/importing-client)


   Γû▓ Next.js 15.5.14
   - Environments: .env.local, .env
   - Experiments (use with caution):
     ┬╖ serverActions
     ┬╖ optimizePackageImports

